13,22d12
< if(APPLE)
<     message(STATUS "On Mac, we force linking with undefined symbols for Python library, they will be
<                     solved at runtime by the loader")
<     if(CMAKE_CXX_COMPILER_ID MATCHES "Clang")
<         set(AER_LINKER_FLAGS "-undefined dynamic_lookup")
<     else()
<         set(AER_LINKER_FLAGS "-undefined dynamic_lookup -flat_namespace")
<     endif()
<     unset(PYTHON_LIBRARIES)
< endif()
38c28,33
< set_target_properties(qasm_controller_wrapper PROPERTIES LINK_FLAGS ${AER_LINKER_FLAGS})
---
> if(APPLE)
>     message(STATUS "On Mac, we force linking with undefined symbols for Python library, they will be
>         solved at runtime by the loader")
>     set_target_properties(qasm_controller_wrapper PROPERTIES LINK_FLAGS "-undefined dynamic_lookup -flat_namespace")
>     unset(PYTHON_LIBRARIES)
> endif()
64c59,64
< set_target_properties(statevector_controller_wrapper PROPERTIES LINK_FLAGS ${AER_LINKER_FLAGS})
---
> if(APPLE)
>     message(STATUS "On Mac, we force linking with undefined symbols for Python library, they will be
>         solved at runtime by the loader")
>     set_target_properties(statevector_controller_wrapper PROPERTIES LINK_FLAGS "-undefined dynamic_lookup -flat_namespace")
>     unset(PYTHON_LIBRARIES)
> endif()
90c90,95
< set_target_properties(unitary_controller_wrapper PROPERTIES LINK_FLAGS ${AER_LINKER_FLAGS})
---
> if(APPLE)
>     message(STATUS "On Mac, we force linking with undefined symbols for Python library, they will be
>         solved at runtime by the loader")
>     set_target_properties(unitary_controller_wrapper PROPERTIES LINK_FLAGS "-undefined dynamic_lookup -flat_namespace")
>     unset(PYTHON_LIBRARIES)
> endif()
